// OS Globals
800000e4:OS_CURRENT_THREAD
800030c8:firstRel
800030cc:lastRel

// Automatically generated from spm.eu0.lst 
80004000:memcpy
80004104:memset
800293E4:mapDataPtr
803C4EF8:mapData
8002C7EC:mobjNameToPtrNoAssert
80032610:msgSearch
80037DB0:swInit
80037E4C:swReInit
80037EB0:swSet
80037EF0:swGet
80037F38:swClear
80037F78:swByteSet
80037FFC:swByteGet
80038020:_swSet
80038060:_swGet
800380A8:_swClear
800380E8:_swByteSet
800380F8:_swByteGet
8003AA84:windowDispGX2_Waku_col
8005AE0C:dispEntry
80061C80:func_80061d78
80067700:fadeIsFinish
800730B8:iconDispGx
80078A44:itemEntry
803B7CD8:itemDataTable
803BD950:itemEventDataTable
800D89D4:evtGetWork
800D8D78:evtEntry
800D8FE4:evtEntryType
800D9250:evtChildEntry
800D9560:evtBrotherEntry
800D9D78:evtCheckID
800DD6F0:evt_debug_put_msg
800DD724:evt_debug_put_reg
800DE784:evtGetValue
800DEBA8:evtSetValue
804CB6B0:evt_debug_put_reg_str
800E729C:evt_fade_end_wait
800E83B0:evt_fairy_flag_onoff
800EA730:evt_guide_flag2_onoff
800EA838:evt_guide_check_flag0
800EF338:evt_mario_flag8_onoff
800EF4C8:evt_mario_key_off
800EF4A4:evt_mario_key_on
800EF8C4:evt_mario_get_pos
800F2320:evt_set_gravity
800F3378:evt_mobj_delete
800F881C:evt_mobj_blk
800FB688:evt_msg_print
800FBAA8:evt_msg_continue
800FBB80:evt_msg_select
80109F50:evt_npc_teleport_effect
8010C604:evt_seq_set_seq
8010C67C:evt_seq_wait
8012150C:marioGetPtr
8012212C:marioCtrlOffChk
80122140:marioKeyOffChk
8012996C:marioCalcDamageToEnemy
8012AAB0:marioSetGravity
80146460:func_80146f0c
8014B5DC:pouchGetPtr
8014C9AC:pouchGetHp
8014C9BC:pouchAddHp
8014CA4C:pouchGetXp
8014CA5C:pouchAddXp
8014D4A0:pouchRemoveItem
8014E0BC:pouchRemoveShopItem
8014E870:pouchGetCurPixl
8014EF74:pouchCountUseItems
8014F024:pouchCountKeyItems
8014F0CC:pouchCountShopItems
8014F174:pouchCountChars
8014F1C4:pouchCountPixls
80178578:seq_logoMain
8017C1F4:seq_gameInit
8017B2DC:seqInit_SPMARIO
8017B31C:seqMain
8017B424:seqSetSeq
8017B434:seqGetSeq
804D0BE0:seqWork
8018473C:pausewinPauseGame
80184880:pausewinUnpauseGame
801951C4:charPixlItemWinIsClosed
8019C42C:irand
8019B724:__assert2
8019F288:fontmgrInit
8019F340:FontDrawStart
8019F420:FontDrawStart_alpha
8019F4F8:FontDrawEdge
8019F504:FontDrawEdgeOff
8019F510:FontDrawRainbowColor
8019F5B0:FontDrawRainbowColorOff
8019F5B8:FontDrawNoise
8019F6C4:FontDrawNoiseOff
8019F6F0:FontDrawColorIDX
8019F788:FontDrawColor
8019F824:FontDrawColor_
8019F8AC:FontGetDrawColor
8019F8B4:FontDrawScale
8019F8CC:FontDrawCode
8019FAE4:FontDrawCodeMtx
8019FCA4:FontDrawString
8019FCE8:FontDrawStringVecPitch
801A00B0:FontDrawStringMtx
801A04B0:FontDrawStringCenterMtx
801A07EC:FontDrawMessage
801A1020:FontDrawMessageMtx
801A17A8:hankakuSearch
801A17B0:kanjiSearch
801A17B4:kanjiGetWidth
801A182C:FontGetMessageWidthLine
801A1B7C:FontGetMessageWidth
801A1B84:HSV2RGB
801A7200:spmarioInit
801A7794:spmarioMain
801A7A04:spmarioDisp
801A7A2C:spmarioSystemLevel
801A7AA8:spmarioGetSystemLevel
801A7AB0:viPostCallback
801A7C48:wiiDvdCheckThread
801A8070:wiiRumbleCheck
8056C9F8:gp
803EA128:seq_data
801A5690:__memAlloc
801A5714:__memFree
803EBD68:size_table
8056C9E8:memory_wp
8056C9EC:memory_swp
80235778:wpadGetButtonsHeld
802357A0:wpadGetButtonsPressed
802357B4:wpadGetButtonsHeldRepeat
8023AA2C:spsndBGMOn
8023C52C:relInit
8023C53C:relMain
8023C6F8:isRelLoaded
8056CA20:relmgr_wp
8056CA24:relDecompName
8056CA28:relCompName
80278120:PSMTXIdentity
8025AF44:sprintf
80258720:memmove
8025C7A8:strcpy
8025C924:strcmp
8025CA40:strncmp
8025C630:sscanf
80264EC4:strlen
8026DF00:DCFlushRange
8026DF88:ICInvalidateRange
8026EB10:OSReport
80270868:OSFatal
80271D88:OSDisableInterrupts
80271DB0:OSRestoreInterrupts
80276220:OSGetTime
80293B68:MEMGetAllocatableSizeForExpHeapEx
80293C40:MEMGetSizeForMBlockExpHeap
802976EC:NANDCreateAsync
8029788C:NANDDeleteAsync
80297A8C:NANDReadAsync
80297B6C:NANDWriteAsync
802985EC:NANDSafeOpenAsync
80298B48:NANDSafeCloseAsync
80299A94:NANDChangeDirAsync
80299CA8:NANDGetHomeDir
8029A460:NANDCheckAsync
802E0448:CXGetUncompressedSize
802E0488:CXUncompressLZ
802E05BC:CXGetCompressionHeader

// new to v2
800E27F8:evt_door_set_door_descs
800E3770:evt_door_set_dokan_descs
800E4300:evt_door_set_map_door_descs
8019D60C:OSPanic
801A6B60:romFontPrintGX
801A7068:romFontGetWidth
8056C9F0:romfont_wp
8056d241:spmario_doShutdown
801A8784:DEMOBeforeRender
801A884C:DEMODoneRender
80236688:spsndExit
8026E7E4:OSDumpContext
8026EE28:__OSUnhandledException
804A8E58:__OSUnhandledException_msg1
804A8F04:__OSUnhandledException_msg2
804A8F68:__OSUnhandledException_msg3
80271344:OSGetFontEncode
80271718:OSLoadFont
80271AF8:OSGetFontTexel
80273E84:OSShutdownSystem
80275EAC:OSSuspendThread
80278120:PSMTXIdentity
80278E5C:C_MTXOrtho
80281658:VIWaitForRetrace
802825DC:VIFlush
8028275C:VISetBlack
802920C4:GXSetProjection
80296118:IOS_Open
802962F8:IOS_Close
1,1,52e4:evt_machi_set_elv_descs

// new to v4
80055A2C:camGetPtr
803DD090:mobj_save_blk_sysevt
801221B8:marioKeyOff
801221F0:marioKeyOn
8017A35C:_unload
801986BC:hudLoadStats
80198CFC:hudHide
8023AA38:spsndBGMOff_f_d
8023CA3C:nandGetSaveFiles
8023CE1C:nandUpdateSave
8023d030:nandLoadSave

// new to v6
8007BBD4:itemTypeNameToId
8019E9F4:fileAllocf
8019ED5C:fileFree
8019EF2C:fileAsyncf
801A6258:__dl__FPv
801A62C0:parseInit
801A62E0:getTag
801A6364:parsePush
801A6518:parsePop
801A6530:parsePopNext
801A6564:parseGet1Next
801A68AC:parseTagGet1
8023f8f0:homebuttonMain
8056ca38:homebuttondrv_wp
80368A30:pitText
802797C0:DVDConvertPathToEntrynum
8056CB58:devDiStr
1,1,3be00:evt_dan_read_data
1,6,b48:dan_wp

// new to v8
8002C738:mobjNameToPtr
800423A4:animPoseEntry
80043318:animPoseSetAnim
80045190:animPoseMain
800496D0:animPoseDrawMtx
80049ECC:animPoseRelease
8004A4C4:animPoseAutoRelease
8004C730:animPoseGetAnimBaseDataPtr
80055A40:camGetCurPtr
8005819C:getScreenPoint
8005AAEC:caseCheckHitObj
8006F828:hitNameToPtr
8006C3BC:hitGrpFlagOn
8006C5B4:hitGrpFlagOff
8006ED34:hitCheckFilter
8006FEEC:hitObjGetPos
800702B8:hitGetMapEntryBbox
80077568:itemGetWork
8007D7BC:itemCheckForId
8008D1E4:mapGrpFlagOn
8008D5B0:mapGrpFlagOff
8008E3D0:mapGrpFlag4On
800B4488:func_800b426c
800CD770:func_800cd554
800D2364:evt_snd_bgmon
800D393C:func_800d36f4
800D3A20:evt_sub_intpl_msec_init
800D3AC0:evt_sub_intpl_msec_get_value
800D42EC:evt_sub_random
800D502C:func_800d4de4
800D76E8:func_800d74a0
800DDF4C:evtmgrCmd
800DF3EC:evtSetFloat
800D8D1C:evtmgrReInit
800E13C8:evt_door_wait_flag
800E1398:evtDoorGetActiveDoorDesc
800E27F8:evt_door_set_door_descs
800E3770:evt_door_set_dokan_descs
800E4300:evt_door_set_map_door_descs
800E44F0:evt_door_enable_disable_map_door_desc
803D46D0:evt_door_dan_dokan
803DBC68:door_init_evt
8056C8A0:evt_door_wp
800EB5E0:evt_hitobj_attr_onoff
800EDDD8:evt_mapobj_flag_onoff
800EDEA0:evt_mapobj_flag4_onoff
800ED574:evt_mapobj_trans
800EDA08:evt_mapobj_color
800F357C:evt_mobj_flag_onoff
800F5718:evt_mobj_zyo
800F5DEC:evt_mobj_thako
800F6080:evt_mobj_kan
800F6250:evt_mobj_arrow
800FD890:evt_npc_set_position
8010259C:evt_npc_entry
80102694:func_80103054
80102748:evt_npc_set_anim
80103CD4:func_80104694
80102CCC:evt_npc_flag8_onoff
80102FF8:evt_npc_animflag_onoff
801042D4:evt_npc_set_property
801045EC:evt_npc_modify_part
801046CC:evt_npc_get_property
80105010:func_801059d0
80105D64:evt_npc_entry_from_template
8010733C:func_80107cfc
80107360:func_80107d20
801077D4:func_80108194
801112F8:evt_shop_set_defs
8014CB4C:pouchAddItem
8014D148:pouchCheckHaveItem
8017AFFC:getNextDanMapname
80183F88:pausewinEntry
801843F8:pausewinMoveTo
80184448:pausewinAppear
80184480:pausewinDisappear
801844B8:pausewinDelete
80187878:pausewinSetMessage
80189060:pluswinChapterWinOpen
8056C970:pausewin_pluswinWp
8056d1b0:pausewin_wp
80198EF0:hudStartCountdown
8019C328:rand
8019D264:DVDMgrOpen
8019D3BC:DVDMgrRead
8019D5B0:DVDMgrClose
8019D5F0:DVDMgrGetLength
801A2BD8:gxsubInit_Tpl
801A2D18:gxsubDrawTextureMtx
801A304C:gxsubDrawTexture
801A33BC:gxsubGetTexWidth
801A3414:gxsubGetTexHeight
801A346C:gxsubEnableTexAlpha
801A347C:gxsubInit
801A3590:gxsubInit_Cam
801A35C4:gxsubInit_Colour
801A36FC:gxsubDrawQuad
801A38C8:gxsubDrawQuadMtx
801A3A9C:gxsubDrawQuadGradient
801A3CB4:gxsubDrawLineSquare
801A3EA8:gxsubDrawLineSquareMtx
801A40C8:gxsubDrawDottedLine
801A4558:gxsubDrawLine
801A4704:gxsubDrawSphere
801ad0e8:npcDispMain
801B5F40:npcNameToPtr
801BEC24:npcSearchAnimDefs
801C8944:npcGetWorkPtr
801e27f8:npcDropItem
803FD5F0:npcTribes
8040AF48:npcEnemyTemplates
80253F50:__div2i
8025ADEC:vsprintf
8025AE6C:snprintf
8025AF44:sprintf
8025CAB0:strstr
8025C868:strncpy
8025CA80:strchr
80261D4C:cos
80262158:sin
80272ABC:OSLink
80278664:PSMTXTrans
80278698:PSMTXTransApply
802786E4:PSMTXScale
8027870C:PSMTXScaleApply
8028C064:GXSetVtxDesc
8028C8F4:GXClearVtxDesc
8028C928:GXSetVtxAttrFmt
8028D264:GXSetNumTexGens
8028DDE0:GXBegin
8028E0A8:GXSetCullMode
8028F1A4:GXSetNumChans
8028F1C8:GXSetChanCtrl
80290884:GXSetTevOp
80290CC0:GXSetAlphaCompare
80290D84:GXSetTevOrder
80290EE0:GXSetNumTevStages
80290F04:GXSetFog
80291254:GXSetBlendMode
802912FC:GXSetZMode
80291330:GXSetZCompLoc
802921B4:GXLoadPosMtxImm
8029225C:GXSetCurrentMtx
802687F0:EXIImm
80268C08:EXISync
80268F08:__EXIProbe
80269258:EXISelect
80269388:EXIDeselect
802699EC:EXILock
80269AE8:EXIUnlock
80269BE8:EXIGetID
804F6758:Ecb
802E0F9C:TPLBind
800D49BC:evt_sub_get_entername
800D9B34:evtDelete
800D8AFC:make_jump_table
802622B4:pow
800FEAE4:evt_npc_set_color
800FEC18:evt_npc_set_part_color
800FED68:evt_npc_set_all_part_color
801083D8:evt_npc_set_part_attack_power
800E39EC:evt_door_enable_disable_dokan_desc
800EAB08:evt_hitobj_onoff
800ECB38:evt_item_entry
1,1,3c0d8:evt_dan_handle_map_parts
1,1,3c398:evt_dan_handle_dokans
1,1,3c5ec:evt_dan_handle_doors
1,1,3ca0c:evt_dan_get_door_names
1,1,3ca74:evt_dan_get_exit_door_name_l
1,1,3caac:evt_dan_get_enemy_info
1,1,3cc88:evt_dan_make_spawn_table
1,1,3d190:evt_dan_get_enemy_spawn_pos
1,1,3d38c:evt_dan_decide_key_enemy
1,1,3d438:danCountdownDone
1,1,3d448:evt_dan_start_countdown
1,1,3d478:danCheckKeyInMapBbox
1,1,3d568:danCheckEnemyInMapBbox
1,1,3d694:evt_dan_handle_key_failsafe
1,1,3d7cc:evt_dan_handle_chest_room_dokans_and_doors
1,1,3d878:evt_dan_get_chest_room_item
1,1,3d8e0:evt_dan_boss_room_set_door_name
1,1,3d91c:func_80c839cc
1,1,3d98c:wracktailDispCb
1,1,3db54:evt_dan_set_wracktail_disp_cb
1,1,3db98:func_80c83c48
1,1,3dbe8:screenBlinkDisp
1,1,3de78:evt_dan_screen_blink
1,1,3debc:func_80c83f6c
1,5,1595d0:dan_mapParts
1,5,159610:dan_dokanDescs
1,5,159710:dan_mapDoorDescs
1,5,159750:dan_flipsideLockItems
1,5,159758:dan_flopsideLockItems
1,5,159760:dan_lock_interact_evt
1,5,159838:dan_lock_open_evt
1,5,159870:dan_enemy_room_init_evt
1,5,159c38:dan_chestRoomDokanDesc
1,5,159c58:dan_chestRoomMapDoorDescs
1,5,159c98:dan_exit_pipe_sign_interact_evt
1,5,159cd0:dan_chest_open_evt
1,5,159e08:dan_rotenShopItems
1,5,159f20:dan_rotenShopDef
1,5,159f38:dan_rotenTribeAnimDefs
1,5,159f78:dan_chest_room_init_evt
1,5,15a7c0:dan_30_map_door_desc
1,5,15a7e0:dan_30_dokan_desc
1,5,15a800:dan_70_dokan_desc
1,5,15a820:dan_30_init_evt
1,5,15aa50:dan_70_init_evt
1,5,15ac80:dashellTribeAnimDefs
1,5,15aca8:dan_30_chest_interact_evt
1,5,15adc0:dan_30_chest_open_evt
1,5,15b9c8:wracktailTribeAnimDefs
1,5,15ba10:dan_wracktail_main_evt
1,5,15cef8:dan_start_wracktail_evt
1,5,15cfd8:dan_70_mario_chest_open_evt
1,5,15d060:dan_70_dark_mario_chest_open_evt
1,5,15d0e8:dan_70_peach_chest_open_evt
1,5,15d170:dan_70_dark_peach_chest_open_evt
1,5,15d1f8:dan_70_bowser_chest_open_evt
1,5,15d280:dan_70_dark_bowser_chest_open_evt
1,5,15d308:dan_70_luigi_chest_open_evt
1,5,15d390:dan_70_dark_luigi_chest_open_evt
1,5,15d418:dan_shadoo_main_evt
1,5,15dc60:dan_shadoo_fight_evt
1,5,15e2a0:dan_shadoo_defeat_evt
1,5,15e3a4:dan_70_reward_appear_evt
1,5,15ef20:dan_start_shadoo_evt
1,5,d1958:sammerDefsCh6
1,5,d1e08:sammerDefsEndgame

// new to v9
80142930:marioChgMot
800677F0:fadeSetMapChangeTransition
8023B2A8:spsndCheckBgmPlaying

// new to rld3 v1
8025C8AC:strcat
802964A0:IOS_Read
802969C8:IOS_Ioctl
802939EC:MEMAllocFromExpHeapEx
80273B48:__OSReboot
8026F298:Run
8056d3f0:SaveStart
8056d3f4:SaveEnd

// temp_unk for pit rando
80202508:bowser_spawn_fire
80206170:luigi_superjump_atk

// too lazy to put this anywhere else lmao i have a lot of ports to do 
8014CA08:pouchSetMaxHp
8014C968:pouchSetHp
8014C710:pouchSetLevel
8014C8E8:pouchSetAttack
8014CA9C:pouchSetCoin
1,5,153518:aa1_01_mario_house_transition_evt
80443EB0:kameks_unk7
8044473C:dark_broom_kamek_unk7
8049CD64:skellobits_unk7
8049CB48:skellobits_unk2
8049D0D4:skellobits_unk8
800FFD70:evt_npc_arc_to
80101BB4:evt_npc_glide_to
80104F64:evt_npc_get_axis_movement_unit
801033FC:evt_npc_get_unitwork
801024A8:evt_npc_delete
800F017C:evt_mario_walk_to
800EFE30:evt_mario_face_npc
800E63EC:evt_eff_exclamation_question
8010BEF4:evt_pouch_get_coins
8010BF40:evt_pouch_add_coins
800D4F78:evt_sub_hud_configure
8010C770:evt_shop_wait_coin_sfx
80105010:evt_npc_set_axis_movement_unit
800FD798:evt_npc_get_position
800FF24C:evt_npc_walk_to
800E5958:evt_eff
800D2C14:evt_snd_sfxon_3d
800DFFF8:evt_cam_shake
801034E8:evt_npc_set_unitwork
800D2D3C:evt_snd_sfxon_npc
80102A50:func_80103410
800E0110:evt_cam3d_evt_zoom_in
800E0620:evt_cam_zoom_to_coords
800F17CC:evt_mario_set_pose
8010BFA0:evt_pouch_check_have_item
8010BFF4:evt_pouch_remove_item

// Autogenerated Pit Rando beta v2 LST port
8019B860:distABf
803C7918:msgdrv_msgIcon
80044B94:animPoseSetMaterialEvtColor
80044720:animPoseSetMaterialFlagOff
8004463C:animPoseSetMaterialFlagOn
801220B4:marioChkKey
80261E20:floor
801B5FE8:npcNameToPtr_NoAssert
8003C7AC:winMgrSelect
8003C810:winMgrSelectDelete
8003BB7C:winMgrSelectEntry
801CAF9C:npcDamageMario
800FAEB4:_evt_msg_print
801C1434:npcGetPartById
802793AC:PSVECSquareDistance
800FD508:evtNpcNameToPtr
80044FE0:animPoseSetDispCallback2
80154490:marioStatusApplyStatuses
8056C928:seq_mapchange_wp
8007F0E4:mapGetWork
801C8930:npcGetTribe
804D21F0:pausewinCardDescBuf
8056CA40:search_wp
801C71A8:npcHandleHitXp
801C55C4:npcTakeDamage
800326E8:msgSearchNoFallback
80243FD8:searchGetNpcMsg
8004C420:animGroupBaseAsync
80187998:pausewinSetMessageCard
80081768:mapLoad
801611D4:onHpEquals0
80187DD4:pluswinKeyItemMain
80473E38:npc_tile_common_onspawn_evt
8045453C:goomba_unk2_child
8021C100:ninjoe_bomb_calc_chance
80110954:evt_shop_build_flimm_pit_item_tables
803C0ED0:default_item_use_evt
80143E5C:func_80144908
801E4750:npc_dimen_determine_move_pos
800FE5A4:evt_npc_set_scale
80102A50:evt_npc_wait_anim_end
800D4954:evt_sub_get_mapname
80107360:evt_npc_unfreeze_all
800EFB58:evt_mario_get_height
800D46F8:evt_key_get_button
800F2738:evt_mario_take_damage
800DFF78:evt_cam_get_pos
800D7B78:evt_sub_item_select_menu
801099BC:evt_npc_set_animpose_disp_callback
8010733C:evt_npc_freeze_all
800D393C:evt_snd_set_sfx_reverb_mode
800D76E8:evt_sub_display_room_name
800F33A8:evt_mobj_exec_cancel
8010237C:evt_npc_get_max_hp
80102694:evt_npc_add_flip_part
80103CD4:evt_npc_set_move_mode
803CC508:whacka_defenses
803CC528:whacka_anim_defs
800ECD8C:evt_item_flag_onoff
800ECFE0:evt_item_wait_collected
800D4444:evt_sub_get_dist
80103D34:evt_npc_get_damage_type
80102238:func_80102bf8
800EA93C:evt_guide_get_can_search
800F3BA4:evt_mobj_wait_animation_end
800F3754:evt_mobj_get_position
800F3B10:evt_mobj_set_anim
800FB70C:evt_msg_print_insert
800ED864:evt_map_set_blend
800D2E48:evt_snd_sfxon_3d_player
800D2700:evt_snd_get_bgm_wait_time
800F37F8:evt_mobj_set_position
800F3420:evt_mobj_hit_onoff
800E03E8:func_800e01f8
800EB30C:evt_hit_bind_mapobj
800EB3B4:evt_hit_bind_update
8010BEC4:evt_pouch_set_coins
80107278:func_80107c38
80104D48:evt_npc_flip_to
80104BE4:evt_npc_finish_flip_instant
800FEF6C:func_800ff8f8
80104DA8:evt_npc_flip
80104B90:evt_npc_wait_flip_finished
800E72F8:evt_fade_set_center_pos
800F30D4:evt_mario_check_3d
1,1,c7e0:mi4MimiHolographicEffect
802391E0:spsndSFXOn
80129C44:marioTakeDamage
8010BCF0:evt_pouch_add_hp
800D2440:evt_snd_bgmoff_f_d
800EF780:evt_mario_get_character
800F1838:evt_mario_wait_anim
800EFEEC:evt_mario_face_coords
800F2CD8:evt_mario_set_anim_change_handler
800F21C0:evt_mario_fairy_reset
800E06EC:evt_cam_look_at_door
800EE078:evt_mapobj_get_position
8010BD20:evt_pouch_get_max_hp
8010BC74:evt_pouch_set_hp
800D2A48:evt_snd_sfxon
800D3278:evt_snd_get_last_sfx_id
800D31BC:evt_snd_sfxoff
8010B4C0:evt_npc_tribe_agb_async
800D2F20:evt_snd_sfxon_3d_player_character
800D2414:evt_snd_bgmoff
800D23A8:evt_snd_bgmon_f_d
8012A644:marioCheck3d
803FB538:npc_drop_item_evt
801FE334:npc_jugemu_toss_spiny
8021F854:backCursyaHit
8043EAD8:lakitu_onspawn_child
8010B440:evt_npc_agb_async
801FE5B8:lakitu_count_spinies
80199398:hudDisp
80238908:__spsndSFXOn
80239388:spsndSFXOn_3D
800942D4:effSpmHitEntry
8019B6E0:getSpmarioDVDRoot
802391F8:spsndSFXOnVol
8017AFFC:getDanMapName
801B0B28:func_801b19e4
8010C250:evt_pouch_check_free_use_item

// Autogenerated from Lunatic Pit beta v3
802924E0:GXGetScissor
8028F450:GXInitTexObj
8028F6A4:GXInitTexObjLOD
802912D0:GXSetAlphaUpdate
802912A4:GXSetColorUpdate
80292478:GXSetScissor
80292448:GXSetZScaleOffset
80278180:PSMTXConcat
8027840C:PSMTXRotRad
802E10B0:TPLGet
802E10D0:TPLGetGXTexObjFromPalette
80058608:camShakeInit
8005B374:dispCalcZ
8005B0A8:dispDraw
800BCA44:effDamageStarEntry
8006197C:effDelete
800C0378:effPansyKirakiraEntry
800C1F7C:effSmallStarEntry
800619FC:effSoftDelete
8005FA08:effSubSetColorOverride
800DEFA8:evtGetFloat
803D46D0:evt_door_enter_dokan_down_evt
803D636C:evt_door_enter_dokan_left_same_map_evt
803D69D8:evt_door_enter_dokan_right_same_map_evt
800EF3B4:evt_mario_get_flags
80102238:evt_npc_restart_evt_id
803D1F10:keypadKeysJP
803D1F40:keypadKeys
804CB1F0:keypadInputStorage
800D8688:evt_sub_keypad
80069A94:frameDisp
800585D0:func_800586c8
801C7BD8:func_801c8d70
801CC9D4:func_801cdb84
800707A0:hitGetName
8019870C:hudMain
80198DD4:hudUnhide
800730C0:iconDispGx2
80072DB0:iconDispGxAlpha
8007334C:iconDispGxCol
80072618:iconEntry
80073888:iconGX
800737A0:iconGetWidthHeight
800720FC:iconMain
8019CE6C:intplGetValue
8007A660:itemCollectPouchItem
801805B8:levelUpWindowMain
80090D34:mapGrpSetColor
8008C8CC:mapObjFlagOff
8008C6F4:mapObjFlagOn
80090934:mapObjSetColor
80080A98:mapPlayAnimationLv
800908F4:mapSetColor
80143E5C:marioCalcFramesToTerminalVel
80142938:marioChgMotSub
80125CA8:marioChgPose
8012B300:marioHandleSquash
8012396C:marioMain
80258844:memcmp
8002C908:mobjCalcMtx
8002CCF8:mobjCalcMtx2
8002B294:mobjEntry
8002EA3C:mobjGetModelName
8002A3BC:mobjHitEntry
8002B630:mobjSetPosition
800F58B8:mobj_thako
8016D9A8:mot_hammer
8016E038:mot_hammer_post
80183320:pausewinGetEntry
801875BC:pausewinMsgBoxDisp
8014E95C:pouchSetPixlSelected
8023A5C8:spsndBGMOn_f_d
80262504:sqrt
8003B1CC:winMgrDisp
8003C8D4:winMgrSelectGetIndex
8003BB30:winMgrSetSize
800FB898:evt_msg_print_add
800FB934:evt_msg_print_add_insert
80179828:seq_mapChangeMain
804C9E00:camPtrTbl
8056D058:dispdrv_currentCallbackPtr
8056D054:dispdrv_currentWorkPtr
804C9EA0:dispdrv_dispScissors
8056d050:dispdrv_entry_n
8056d04c:dispdrv_pSortWork
80109788:evt_npc_set_unk_shell_sfx
8056C848:framedrv_wp
8056C980:hud_wp
8056C860:icondrv_wp
8056C790:mobjdrv_wp
8056C798:msgdrv_msgw
803241C0:select_disp_arrow_move
8056D298:spsbgmlist
804F2270:spsnd_work
8056C7C8:winmgr_wp
80290958:GXSetTevAlphaIn
80290918:GXSetTevColorIn
801F7FA0:func_801f9294
80201B48:func_80203608
801BE77C:npcEntryFromSetupEnemy
801BF3A4:npcGetScript
801D7BA0:func_801d8d94
801D8894:func_801d9a88
801F5220:func_801f6514
801F6F2C:func_801f8220
801F8A08:func_801f9cfc
801F90DC:func_801fa3d0
801FF4D8:func_80200f5c
802013E8:func_80202ea8
80203800:func_802052fc
80204F88:func_80206a84
80210A84:func_8021259c
8021CBAC:func_8021e8ac
8021CDAC:func_8021eaac
8021FFD0:func_80221cf4
8022159C:func_802232c0
80223CCC:func_802259f0
8022C2D0:func_8022e008
80232458:func_80234368
80232E2C:func_80234d3c
802330C4:func_80234fd4
802336E8:func_802355f8
80249144:func_8024b198
8026D978:OSGetMEM1ArenaHi
8026D990:OSGetMEM1ArenaLo
8029390C:MEMCreateExpHeapEx
802939BC:MEMDestroyExpHeap
801845E4:_pausewinDelete
800f527c:mobj_zyo

802909F0:GXSetTevAlphaOp
80290A48:GXSetTevColor
80290998:GXSetTevColorOp
80290C08:GXSetTevSwapMode
8003F290:acEntry
8003ED4C:acMain
803C8C18:acdrv_acDefs
803567F8:ag2tg
8056C7D8:animdrv_wp
800E4990:evt_door_handle_spawn
80038A0C:func_80038b08
8014F9CC:marioFaceLeft
8014FA04:marioFaceRight
80130E9C:marioGetHeight
8012A5DC:marioSetInvincibility
8014CAD0:pouchGetCoin
8014CA3C:pouchGetMaxHp
80177FC4:seq_gameOverMain
8019B684:sptextureGet
8056d1e0:sptexture_image
8056c990:sptexture_wp
8025EA68:strlwr
800395E4:windowDispGX_System
800392CC:windowDispGX_System_LoadTex
8056d018:windowdrv_anim_time
8056d01c:windowdrv_frm_ctr
